[book]
authors = ["Tom Milligan"]
language = "en"
multilingual = false
src = "src"
title = "mdbook-admonish-integration"

[preprocessor]

[preprocessor.admonish]
command = "mdbook-admonish"
assets_version = "1.0.0" # do not edit: managed by `mdbook-admonish install`

[output]

[output.html]
additional-css = ["././mdbook-admonish.css"]
