                        <h1 id="chapter-1"><a class="header" href="#chapter-1">Chapter 1</a></h1>
<div class="admonition abstract">
<div class="admonition-title">
<p>What <i>is</i> this?</p>
</div>
<div>
<p>This book acts as an integration test for <code>mdbook-admonish</code>.</p>
<p>It verifies that <code>mdbook</code> post-processes our generated HTML in the way we expect.</p>
</div>
</div>
<div class="admonition note">
<div class="admonition-title">
<p>Note</p>
</div>
<div>
<p>Simples</p>
</div>
</div>
<div class="admonition warning">
<div>
<p>No title, only body</p>
</div>
</div>

